<html>
<body>
<pre>
<h1>µVision Build Log</h1>
<h2>Tool Versions:</h2>
IDE-Version: µVision V5.17.0.0
Copyright (C) 2015 ARM Ltd and ARM Germany GmbH. All rights reserved.
License Information: Lanh Nguyen, Apple, LIC=GMZI6-D4HFJ-Y89FK-ZLPTL-B2KW5-A4LTJ
 
Tool Versions:
Toolchain:       MDK-ARM Standard  Version: 5.17
Toolchain Path:  C:\Keil_v5\ARM\ARMCC\Bin
C Compiler:      Armcc.exe V5.06 update 1 (build 61)
Assembler:       Armasm.exe V5.06 update 1 (build 61)
Linker/Locator:  ArmLink.exe V5.06 update 1 (build 61)
Library Manager: ArmAr.exe V5.06 update 1 (build 61)
Hex Converter:   FromElf.exe V5.06 update 1 (build 61)
CPU DLL:         SARMCM3.DLL V5.17
Dialog DLL:      DCM.DLL V1.13.4.0
Target DLL:      STLink\ST-LINKIII-KEIL_SWO.dll V2.0.18.0
Dialog DLL:      TCM.DLL V1.14.6.0
 
<h2>Project:</h2>
F:\Thuc Hanh Proteus\STM32F4\Led_Heart\MDK-ARM\Led_Heart.uvprojx
Project File Date:  11/03/2021

<h2>Output:</h2>
*** Using Compiler 'V5.06 update 1 (build 61)', folder: 'C:\Keil_v5\ARM\ARMCC\Bin'
Build target 'Led_Heart'
compiling main.c...
../Core/Src/main.c(10): warning:  #1295-D: Deprecated declaration LightAllLed - give arg types
  void LightAllLed();
../Core/Src/main.c(11): warning:  #1295-D: Deprecated declaration TurnOffAllLed - give arg types
  void TurnOffAllLed();
../Core/Src/main.c(12): warning:  #1295-D: Deprecated declaration FlashingLed - give arg types
  void FlashingLed();
../Core/Src/main.c(13): warning:  #1295-D: Deprecated declaration FlashLedOdd - give arg types
  void FlashLedOdd();
../Core/Src/main.c(14): warning:  #1295-D: Deprecated declaration FlashEvenLed - give arg types
  void FlashEvenLed();
../Core/Src/main.c(15): warning:  #1295-D: Deprecated declaration FlashAllEvenLed - give arg types
  void FlashAllEvenLed();
../Core/Src/main.c(16): warning:  #1295-D: Deprecated declaration FlashAllOddLed - give arg types
  void FlashAllOddLed();
../Core/Src/main.c: 7 warnings, 0 errors
linking...
Program Size: Code=4608 RO-data=452 RW-data=16 ZI-data=1024  
FromELF: creating hex file...
"Led_Heart\Led_Heart.axf" - 0 Error(s), 7 Warning(s).

<h2>Software Packages used:</h2>

Package Vendor: ARM
                http://www.keil.com/pack/ARM.CMSIS.4.5.0.pack
                ARM::CMSIS:CORE:4.3.0
                CMSIS (Cortex Microcontroller Software Interface Standard)
   * Component: CORE Version: 4.3.0

<h2>Collection of Component include folders:</h2>
  F:\Thuc Hanh Proteus\STM32F4\Led_Heart\MDK-ARM\RTE
  C:\Keil_v5\ARM\PACK\ARM\CMSIS\4.5.0\CMSIS\Include
  C:\Keil_v5\ARM\PACK\Keil\STM32F4xx_DFP\2.14.0\Drivers\CMSIS\Device\ST\STM32F4xx\Include

<h2>Collection of Component Files used:</h2>

   * Component: ARM::CMSIS:CORE:4.3.0
Build Time Elapsed:  00:00:05
</pre>
</body>
</html>
